[1/8] fault_iris_unavailable_1 (fault=iris_unavailable, baseline=rao-prompt) -- restarting sim...
╭────────────────────────────── 🤖 Agent Started ──────────────────────────────╮
│                                                                              │
│  Agent: Task Router                                                          │
│                                                                              │
│  Task: A human has given the following request:                              │
│                                                                              │
│    "A hiker is missing in the search zone x from -5.5 to 5.5, y from -5.5    │
│  to 5.5. Fly the drone over the zone and send the ground rover to the        │
│  victim once located."                                                       │
│                                                                              │
│  Analyse it and produce an ordered plan. For each step specify:              │
│    - which robot (Iris or TB3)                                               │
│    - the exact skill (use the iris_list_skills and tb3_list_skills           │
│  tools to check available options)                                           │
│    - any relevant parameters (search zone bounds, coordinates,     target    │
│  binding)                                                                    │
│                                                                              │
│  If the request cannot be fulfilled with the available skills, explain why.  │
│                                                                              │
│  Return ONLY JSON: {"workflow_family": one of                                │
│  ["search_and_dispatch","search_only","dispatch_only","abort"], "steps":     │
│  [{"robot":"iris"|"tb3","skill":str,"args":{}}]}.                            │
│                                                                              │
│  Example of the required JSON shape (placeholder names, do not copy them):   │
│  {"workflow_family": "search_and_dispatch", "steps": [{"robot": "iris",      │
│  "skill": "<iris_skill>", "args": {}}, {"robot": "tb3", "skill":             │
│  "<tb3_skill>", "args": {"<arg_name>": "<value>"}}]}                         │
│                                                                              │
│  Available Iris drone skills (use these EXACT names, do not invent others):  │
│  takeoff, search_target, get_coordinates, land. search_target takes args     │
│  x_min, x_max, y_min, y_max (and optional altitude, default 5.0).            │
│  TB3 rover skills: navigate_to, stop. navigate_to takes either {"target":    │
│  "victim"} to drive to the drone-published victim fix, or explicit numeric   │
│  "x" and "y" stated in the request.                                          │
│  Operational area (world frame): x in [-6.0, 10.0], y in [-6.0, 10.0].       │
│  Workflow contracts (choose exactly ONE family and follow its ordering):     │
│  - search_and_dispatch: Iris takeoff, then Iris search_target over the       │
│  exact zone stated in the request, then TB3 navigate_to with args            │
│  {"target": "victim"} once the fix is published (the rover goal must bind    │
│  to the fix, never literal coordinates). Iris get_coordinates/search_target  │
│  must NOT come before Iris takeoff. TB3 navigate_to must NOT come before     │
│  Iris get_coordinates/search_target.                                         │
│  - search_only: an Iris-only aerial survey: takeoff, search_target over the  │
│  exact zone stated in the request, then land; NO TB3 step. Iris              │
│  get_coordinates/search_target must NOT come before Iris takeoff.            │
│  - dispatch_only: a single TB3 navigate_to step with explicit numeric x, y   │
│  taken from the request; NO Iris step.                                       │
│  - abort: stand down: Iris land and/or TB3 stop, nothing else.               │
│                                                                              │
╰──────────────────────────────────────────────────────────────────────────────╯

[32mTool iris_list_skills executed with result: Iris skills: takeoff, search_target, get_coordinates, land. search_target takes x_min, x_max, y_min, y_max (optional altitude, default 5.0)....[0m
[32mTool tb3_list_skills executed with result: TB3 skills: navigate_to, stop. navigate_to takes {"target": "victim"} or explicit numeric x, y. Operational area: x in [-6.0, 10.0], y in [-6.0, 10.0]....[0m
[35m[Finalize] todos_count=0, todos_with_results=0[0m
╭─────────────────────────── ✅ Agent Final Answer ────────────────────────────╮
│                                                                              │
│  Agent: Task Router                                                          │
│                                                                              │
│  Final Answer:                                                               │
│  {"workflow_family":"search_and_dispatch","steps":[{"robot":"iris","skill":  │
│  "takeoff","args":{}},{"robot":"iris","skill":"search_target","args":{"x_mi  │
│  n":-5.5,"x_max":5.5,"y_min":-5.5,"y_max":5.5}},{"robot":"tb3","skill":"nav  │
│  igate_to","args":{"target":"victim"}}]}                                     │
│                                                                              │
╰──────────────────────────────────────────────────────────────────────────────╯

    refused=False steps=3 err=0.44044869252344265 t=121.4s
[2/8] fault_iris_unavailable_2 (fault=iris_unavailable, baseline=rao-prompt) -- restarting sim...
╭────────────────────────────── 🤖 Agent Started ──────────────────────────────╮
│                                                                              │
│  Agent: Task Router                                                          │
│                                                                              │
│  Task: A human has given the following request:                              │
│                                                                              │
│    "Take off and sweep the zone x from -5.5 to 5.5, y from -5.5 to 5.5 for   │
│  survivors, then land."                                                      │
│                                                                              │
│  Analyse it and produce an ordered plan. For each step specify:              │
│    - which robot (Iris or TB3)                                               │
│    - the exact skill (use the iris_list_skills and tb3_list_skills           │
│  tools to check available options)                                           │
│    - any relevant parameters (search zone bounds, coordinates,     target    │
│  binding)                                                                    │
│                                                                              │
│  If the request cannot be fulfilled with the available skills, explain why.  │
│                                                                              │
│  Return ONLY JSON: {"workflow_family": one of                                │
│  ["search_and_dispatch","search_only","dispatch_only","abort"], "steps":     │
│  [{"robot":"iris"|"tb3","skill":str,"args":{}}]}.                            │
│                                                                              │
│  Example of the required JSON shape (placeholder names, do not copy them):   │
│  {"workflow_family": "search_and_dispatch", "steps": [{"robot": "iris",      │
│  "skill": "<iris_skill>", "args": {}}, {"robot": "tb3", "skill":             │
│  "<tb3_skill>", "args": {"<arg_name>": "<value>"}}]}                         │
│                                                                              │
│  Available Iris drone skills (use these EXACT names, do not invent others):  │
│  takeoff, search_target, get_coordinates, land. search_target takes args     │
│  x_min, x_max, y_min, y_max (and optional altitude, default 5.0).            │
│  TB3 rover skills: navigate_to, stop. navigate_to takes either {"target":    │
│  "victim"} to drive to the drone-published victim fix, or explicit numeric   │
│  "x" and "y" stated in the request.                                          │
│  Operational area (world frame): x in [-6.0, 10.0], y in [-6.0, 10.0].       │
│  Workflow contracts (choose exactly ONE family and follow its ordering):     │
│  - search_and_dispatch: Iris takeoff, then Iris search_target over the       │
│  exact zone stated in the request, then TB3 navigate_to with args            │
│  {"target": "victim"} once the fix is published (the rover goal must bind    │
│  to the fix, never literal coordinates). Iris get_coordinates/search_target  │
│  must NOT come before Iris takeoff. TB3 navigate_to must NOT come before     │
│  Iris get_coordinates/search_target.                                         │
│  - search_only: an Iris-only aerial survey: takeoff, search_target over the  │
│  exact zone stated in the request, then land; NO TB3 step. Iris              │
│  get_coordinates/search_target must NOT come before Iris takeoff.            │
│  - dispatch_only: a single TB3 navigate_to step with explicit numeric x, y   │
│  taken from the request; NO Iris step.                                       │
│  - abort: stand down: Iris land and/or TB3 stop, nothing else.               │
│                                                                              │
╰──────────────────────────────────────────────────────────────────────────────╯

[32mTool iris_list_skills executed with result: Iris skills: takeoff, search_target, get_coordinates, land. search_target takes x_min, x_max, y_min, y_max (optional altitude, default 5.0)....[0m
[32mTool tb3_list_skills executed with result: TB3 skills: navigate_to, stop. navigate_to takes {"target": "victim"} or explicit numeric x, y. Operational area: x in [-6.0, 10.0], y in [-6.0, 10.0]....[0m
[35m[Finalize] todos_count=0, todos_with_results=0[0m
╭─────────────────────────── ✅ Agent Final Answer ────────────────────────────╮
│                                                                              │
│  Agent: Task Router                                                          │
│                                                                              │
│  Final Answer:                                                               │
│  {"workflow_family":"search_only","steps":[{"robot":"iris","skill":"takeoff  │
│  ","args":{}},{"robot":"iris","skill":"search_target","args":{"x_min":-5.5,  │
│  "x_max":5.5,"y_min":-5.5,"y_max":5.5}},{"robot":"iris","skill":"land","arg  │
│  s":{}}]}                                                                    │
│                                                                              │
╰──────────────────────────────────────────────────────────────────────────────╯

    refused=False steps=3 err=9.878987104511236 t=42.2s
[3/8] fault_tb3_unavailable_1 (fault=tb3_unavailable, baseline=rao-prompt) -- restarting sim...
╭────────────────────────────── 🤖 Agent Started ──────────────────────────────╮
│                                                                              │
│  Agent: Task Router                                                          │
│                                                                              │
│  Task: A human has given the following request:                              │
│                                                                              │
│    "Survey the area x in [-5.5, 5.5], y in [-5.5, 5.5] from the air, then    │
│  dispatch the rescue rover to the located person."                           │
│                                                                              │
│  Analyse it and produce an ordered plan. For each step specify:              │
│    - which robot (Iris or TB3)                                               │
│    - the exact skill (use the iris_list_skills and tb3_list_skills           │
│  tools to check available options)                                           │
│    - any relevant parameters (search zone bounds, coordinates,     target    │
│  binding)                                                                    │
│                                                                              │
│  If the request cannot be fulfilled with the available skills, explain why.  │
│                                                                              │
│  Return ONLY JSON: {"workflow_family": one of                                │
│  ["search_and_dispatch","search_only","dispatch_only","abort"], "steps":     │
│  [{"robot":"iris"|"tb3","skill":str,"args":{}}]}.                            │
│                                                                              │
│  Example of the required JSON shape (placeholder names, do not copy them):   │
│  {"workflow_family": "search_and_dispatch", "steps": [{"robot": "iris",      │
│  "skill": "<iris_skill>", "args": {}}, {"robot": "tb3", "skill":             │
│  "<tb3_skill>", "args": {"<arg_name>": "<value>"}}]}                         │
│                                                                              │
│  Available Iris drone skills (use these EXACT names, do not invent others):  │
│  takeoff, search_target, get_coordinates, land. search_target takes args     │
│  x_min, x_max, y_min, y_max (and optional altitude, default 5.0).            │
│  TB3 rover skills: navigate_to, stop. navigate_to takes either {"target":    │
│  "victim"} to drive to the drone-published victim fix, or explicit numeric   │
│  "x" and "y" stated in the request.                                          │
│  Operational area (world frame): x in [-6.0, 10.0], y in [-6.0, 10.0].       │
│  Workflow contracts (choose exactly ONE family and follow its ordering):     │
│  - search_and_dispatch: Iris takeoff, then Iris search_target over the       │
│  exact zone stated in the request, then TB3 navigate_to with args            │
│  {"target": "victim"} once the fix is published (the rover goal must bind    │
│  to the fix, never literal coordinates). Iris get_coordinates/search_target  │
│  must NOT come before Iris takeoff. TB3 navigate_to must NOT come before     │
│  Iris get_coordinates/search_target.                                         │
│  - search_only: an Iris-only aerial survey: takeoff, search_target over the  │
│  exact zone stated in the request, then land; NO TB3 step. Iris              │
│  get_coordinates/search_target must NOT come before Iris takeoff.            │
│  - dispatch_only: a single TB3 navigate_to step with explicit numeric x, y   │
│  taken from the request; NO Iris step.                                       │
│  - abort: stand down: Iris land and/or TB3 stop, nothing else.               │
│                                                                              │
╰──────────────────────────────────────────────────────────────────────────────╯

[32mTool iris_list_skills executed with result: Iris skills: takeoff, search_target, get_coordinates, land. search_target takes x_min, x_max, y_min, y_max (optional altitude, default 5.0)....[0m
[32mTool tb3_list_skills executed with result: TB3 skills: navigate_to, stop. navigate_to takes {"target": "victim"} or explicit numeric x, y. Operational area: x in [-6.0, 10.0], y in [-6.0, 10.0]....[0m
[35m[Finalize] todos_count=0, todos_with_results=0[0m
╭─────────────────────────── ✅ Agent Final Answer ────────────────────────────╮
│                                                                              │
│  Agent: Task Router                                                          │
│                                                                              │
│  Final Answer:                                                               │
│  {"workflow_family":"search_and_dispatch","steps":[{"robot":"iris","skill":  │
│  "takeoff","args":{}},{"robot":"iris","skill":"search_target","args":{"x_mi  │
│  n":-5.5,"x_max":5.5,"y_min":-5.5,"y_max":5.5}},{"robot":"tb3","skill":"nav  │
│  igate_to","args":{"target":"victim"}}]}                                     │
│                                                                              │
╰──────────────────────────────────────────────────────────────────────────────╯

    refused=False steps=3 err=0.4444860391748785 t=113.2s
[4/8] fault_tb3_unavailable_2 (fault=tb3_unavailable, baseline=rao-prompt) -- restarting sim...
╭────────────────────────────── 🤖 Agent Started ──────────────────────────────╮
│                                                                              │
│  Agent: Task Router                                                          │
│                                                                              │
│  Task: A human has given the following request:                              │
│                                                                              │
│    "Drive the rover to position x 3.0, y -2.0."                              │
│                                                                              │
│  Analyse it and produce an ordered plan. For each step specify:              │
│    - which robot (Iris or TB3)                                               │
│    - the exact skill (use the iris_list_skills and tb3_list_skills           │
│  tools to check available options)                                           │
│    - any relevant parameters (search zone bounds, coordinates,     target    │
│  binding)                                                                    │
│                                                                              │
│  If the request cannot be fulfilled with the available skills, explain why.  │
│                                                                              │
│  Return ONLY JSON: {"workflow_family": one of                                │
│  ["search_and_dispatch","search_only","dispatch_only","abort"], "steps":     │
│  [{"robot":"iris"|"tb3","skill":str,"args":{}}]}.                            │
│                                                                              │
│  Example of the required JSON shape (placeholder names, do not copy them):   │
│  {"workflow_family": "search_and_dispatch", "steps": [{"robot": "iris",      │
│  "skill": "<iris_skill>", "args": {}}, {"robot": "tb3", "skill":             │
│  "<tb3_skill>", "args": {"<arg_name>": "<value>"}}]}                         │
│                                                                              │
│  Available Iris drone skills (use these EXACT names, do not invent others):  │
│  takeoff, search_target, get_coordinates, land. search_target takes args     │
│  x_min, x_max, y_min, y_max (and optional altitude, default 5.0).            │
│  TB3 rover skills: navigate_to, stop. navigate_to takes either {"target":    │
│  "victim"} to drive to the drone-published victim fix, or explicit numeric   │
│  "x" and "y" stated in the request.                                          │
│  Operational area (world frame): x in [-6.0, 10.0], y in [-6.0, 10.0].       │
│  Workflow contracts (choose exactly ONE family and follow its ordering):     │
│  - search_and_dispatch: Iris takeoff, then Iris search_target over the       │
│  exact zone stated in the request, then TB3 navigate_to with args            │
│  {"target": "victim"} once the fix is published (the rover goal must bind    │
│  to the fix, never literal coordinates). Iris get_coordinates/search_target  │
│  must NOT come before Iris takeoff. TB3 navigate_to must NOT come before     │
│  Iris get_coordinates/search_target.                                         │
│  - search_only: an Iris-only aerial survey: takeoff, search_target over the  │
│  exact zone stated in the request, then land; NO TB3 step. Iris              │
│  get_coordinates/search_target must NOT come before Iris takeoff.            │
│  - dispatch_only: a single TB3 navigate_to step with explicit numeric x, y   │
│  taken from the request; NO Iris step.                                       │
│  - abort: stand down: Iris land and/or TB3 stop, nothing else.               │
│                                                                              │
╰──────────────────────────────────────────────────────────────────────────────╯

[32mTool tb3_list_skills executed with result: TB3 skills: navigate_to, stop. navigate_to takes {"target": "victim"} or explicit numeric x, y. Operational area: x in [-6.0, 10.0], y in [-6.0, 10.0]....[0m
[35m[Finalize] todos_count=0, todos_with_results=0[0m
╭─────────────────────────── ✅ Agent Final Answer ────────────────────────────╮
│                                                                              │
│  Agent: Task Router                                                          │
│                                                                              │
│  Final Answer:                                                               │
│  {"workflow_family":"dispatch_only","steps":[{"robot":"tb3","skill":"naviga  │
│  te_to","args":{"x":3.0,"y":-2.0}}]}                                         │
│                                                                              │
╰──────────────────────────────────────────────────────────────────────────────╯

    refused=False steps=1 err=7.124311378969086 t=36.5s
[5/8] fault_out_of_bounds_1 (fault=out_of_bounds, baseline=rao-prompt) -- restarting sim...
╭────────────────────────────── 🤖 Agent Started ──────────────────────────────╮
│                                                                              │
│  Agent: Task Router                                                          │
│                                                                              │
│  Task: A human has given the following request:                              │
│                                                                              │
│    "Drive the rover to the old ranger station at x 40.0, y 45.0."            │
│                                                                              │
│  Analyse it and produce an ordered plan. For each step specify:              │
│    - which robot (Iris or TB3)                                               │
│    - the exact skill (use the iris_list_skills and tb3_list_skills           │
│  tools to check available options)                                           │
│    - any relevant parameters (search zone bounds, coordinates,     target    │
│  binding)                                                                    │
│                                                                              │
│  If the request cannot be fulfilled with the available skills, explain why.  │
│                                                                              │
│  Return ONLY JSON: {"workflow_family": one of                                │
│  ["search_and_dispatch","search_only","dispatch_only","abort"], "steps":     │
│  [{"robot":"iris"|"tb3","skill":str,"args":{}}]}.                            │
│                                                                              │
│  Example of the required JSON shape (placeholder names, do not copy them):   │
│  {"workflow_family": "search_and_dispatch", "steps": [{"robot": "iris",      │
│  "skill": "<iris_skill>", "args": {}}, {"robot": "tb3", "skill":             │
│  "<tb3_skill>", "args": {"<arg_name>": "<value>"}}]}                         │
│                                                                              │
│  Available Iris drone skills (use these EXACT names, do not invent others):  │
│  takeoff, search_target, get_coordinates, land. search_target takes args     │
│  x_min, x_max, y_min, y_max (and optional altitude, default 5.0).            │
│  TB3 rover skills: navigate_to, stop. navigate_to takes either {"target":    │
│  "victim"} to drive to the drone-published victim fix, or explicit numeric   │
│  "x" and "y" stated in the request.                                          │
│  Operational area (world frame): x in [-6.0, 10.0], y in [-6.0, 10.0].       │
│  Workflow contracts (choose exactly ONE family and follow its ordering):     │
│  - search_and_dispatch: Iris takeoff, then Iris search_target over the       │
│  exact zone stated in the request, then TB3 navigate_to with args            │
│  {"target": "victim"} once the fix is published (the rover goal must bind    │
│  to the fix, never literal coordinates). Iris get_coordinates/search_target  │
│  must NOT come before Iris takeoff. TB3 navigate_to must NOT come before     │
│  Iris get_coordinates/search_target.                                         │
│  - search_only: an Iris-only aerial survey: takeoff, search_target over the  │
│  exact zone stated in the request, then land; NO TB3 step. Iris              │
│  get_coordinates/search_target must NOT come before Iris takeoff.            │
│  - dispatch_only: a single TB3 navigate_to step with explicit numeric x, y   │
│  taken from the request; NO Iris step.                                       │
│  - abort: stand down: Iris land and/or TB3 stop, nothing else.               │
│                                                                              │
╰──────────────────────────────────────────────────────────────────────────────╯

[32mTool tb3_list_skills executed with result: TB3 skills: navigate_to, stop. navigate_to takes {"target": "victim"} or explicit numeric x, y. Operational area: x in [-6.0, 10.0], y in [-6.0, 10.0]....[0m
[35m[Finalize] todos_count=0, todos_with_results=0[0m
╭─────────────────────────── ✅ Agent Final Answer ────────────────────────────╮
│                                                                              │
│  Agent: Task Router                                                          │
│                                                                              │
│  Final Answer:                                                               │
│  {"workflow_family":"dispatch_only","steps":[{"robot":"tb3","skill":"naviga  │
│  te_to","args":{"x":40.0,"y":45.0}}]}                                        │
│                                                                              │
╰──────────────────────────────────────────────────────────────────────────────╯

    refused=False steps=1 err=3.1338658459671644 t=302.5s
[6/8] fault_out_of_bounds_2 (fault=out_of_bounds, baseline=rao-prompt) -- restarting sim...
╭────────────────────────────── 🤖 Agent Started ──────────────────────────────╮
│                                                                              │
│  Agent: Task Router                                                          │
│                                                                              │
│  Task: A human has given the following request:                              │
│                                                                              │
│    "Sweep the zone x from 50 to 60, y from 50 to 60 for survivors, then      │
│  land."                                                                      │
│                                                                              │
│  Analyse it and produce an ordered plan. For each step specify:              │
│    - which robot (Iris or TB3)                                               │
│    - the exact skill (use the iris_list_skills and tb3_list_skills           │
│  tools to check available options)                                           │
│    - any relevant parameters (search zone bounds, coordinates,     target    │
│  binding)                                                                    │
│                                                                              │
│  If the request cannot be fulfilled with the available skills, explain why.  │
│                                                                              │
│  Return ONLY JSON: {"workflow_family": one of                                │
│  ["search_and_dispatch","search_only","dispatch_only","abort"], "steps":     │
│  [{"robot":"iris"|"tb3","skill":str,"args":{}}]}.                            │
│                                                                              │
│  Example of the required JSON shape (placeholder names, do not copy them):   │
│  {"workflow_family": "search_and_dispatch", "steps": [{"robot": "iris",      │
│  "skill": "<iris_skill>", "args": {}}, {"robot": "tb3", "skill":             │
│  "<tb3_skill>", "args": {"<arg_name>": "<value>"}}]}                         │
│                                                                              │
│  Available Iris drone skills (use these EXACT names, do not invent others):  │
│  takeoff, search_target, get_coordinates, land. search_target takes args     │
│  x_min, x_max, y_min, y_max (and optional altitude, default 5.0).            │
│  TB3 rover skills: navigate_to, stop. navigate_to takes either {"target":    │
│  "victim"} to drive to the drone-published victim fix, or explicit numeric   │
│  "x" and "y" stated in the request.                                          │
│  Operational area (world frame): x in [-6.0, 10.0], y in [-6.0, 10.0].       │
│  Workflow contracts (choose exactly ONE family and follow its ordering):     │
│  - search_and_dispatch: Iris takeoff, then Iris search_target over the       │
│  exact zone stated in the request, then TB3 navigate_to with args            │
│  {"target": "victim"} once the fix is published (the rover goal must bind    │
│  to the fix, never literal coordinates). Iris get_coordinates/search_target  │
│  must NOT come before Iris takeoff. TB3 navigate_to must NOT come before     │
│  Iris get_coordinates/search_target.                                         │
│  - search_only: an Iris-only aerial survey: takeoff, search_target over the  │
│  exact zone stated in the request, then land; NO TB3 step. Iris              │
│  get_coordinates/search_target must NOT come before Iris takeoff.            │
│  - dispatch_only: a single TB3 navigate_to step with explicit numeric x, y   │
│  taken from the request; NO Iris step.                                       │
│  - abort: stand down: Iris land and/or TB3 stop, nothing else.               │
│                                                                              │
╰──────────────────────────────────────────────────────────────────────────────╯

[32mTool iris_list_skills executed with result: Iris skills: takeoff, search_target, get_coordinates, land. search_target takes x_min, x_max, y_min, y_max (optional altitude, default 5.0)....[0m
[32mTool tb3_list_skills executed with result: TB3 skills: navigate_to, stop. navigate_to takes {"target": "victim"} or explicit numeric x, y. Operational area: x in [-6.0, 10.0], y in [-6.0, 10.0]....[0m
[35m[Finalize] todos_count=0, todos_with_results=0[0m
╭─────────────────────────── ✅ Agent Final Answer ────────────────────────────╮
│                                                                              │
│  Agent: Task Router                                                          │
│                                                                              │
│  Final Answer:                                                               │
│  {"workflow_family":"search_only","steps":[{"robot":"iris","skill":"takeoff  │
│  ","args":{}},{"robot":"iris","skill":"search_target","args":{"x_min":50,"x  │
│  _max":60,"y_min":50,"y_max":60}},{"robot":"iris","skill":"land","args":{}}  │
│  ]}                                                                          │
│                                                                              │
╰──────────────────────────────────────────────────────────────────────────────╯

    refused=False steps=3 err=9.886584935491573 t=16.8s
[7/8] fault_nan_transmission_1 (fault=nan_transmission, baseline=rao-prompt) -- restarting sim...
╭────────────────────────────── 🤖 Agent Started ──────────────────────────────╮
│                                                                              │
│  Agent: Task Router                                                          │
│                                                                              │
│  Task: A human has given the following request:                              │
│                                                                              │
│    "Locate the casualty by air inside the square from -5.5 to 5.5 on both    │
│  axes and have the rover drive to the victim's position."                    │
│                                                                              │
│  Analyse it and produce an ordered plan. For each step specify:              │
│    - which robot (Iris or TB3)                                               │
│    - the exact skill (use the iris_list_skills and tb3_list_skills           │
│  tools to check available options)                                           │
│    - any relevant parameters (search zone bounds, coordinates,     target    │
│  binding)                                                                    │
│                                                                              │
│  If the request cannot be fulfilled with the available skills, explain why.  │
│                                                                              │
│  Return ONLY JSON: {"workflow_family": one of                                │
│  ["search_and_dispatch","search_only","dispatch_only","abort"], "steps":     │
│  [{"robot":"iris"|"tb3","skill":str,"args":{}}]}.                            │
│                                                                              │
│  Example of the required JSON shape (placeholder names, do not copy them):   │
│  {"workflow_family": "search_and_dispatch", "steps": [{"robot": "iris",      │
│  "skill": "<iris_skill>", "args": {}}, {"robot": "tb3", "skill":             │
│  "<tb3_skill>", "args": {"<arg_name>": "<value>"}}]}                         │
│                                                                              │
│  Available Iris drone skills (use these EXACT names, do not invent others):  │
│  takeoff, search_target, get_coordinates, land. search_target takes args     │
│  x_min, x_max, y_min, y_max (and optional altitude, default 5.0).            │
│  TB3 rover skills: navigate_to, stop. navigate_to takes either {"target":    │
│  "victim"} to drive to the drone-published victim fix, or explicit numeric   │
│  "x" and "y" stated in the request.                                          │
│  Operational area (world frame): x in [-6.0, 10.0], y in [-6.0, 10.0].       │
│  Workflow contracts (choose exactly ONE family and follow its ordering):     │
│  - search_and_dispatch: Iris takeoff, then Iris search_target over the       │
│  exact zone stated in the request, then TB3 navigate_to with args            │
│  {"target": "victim"} once the fix is published (the rover goal must bind    │
│  to the fix, never literal coordinates). Iris get_coordinates/search_target  │
│  must NOT come before Iris takeoff. TB3 navigate_to must NOT come before     │
│  Iris get_coordinates/search_target.                                         │
│  - search_only: an Iris-only aerial survey: takeoff, search_target over the  │
│  exact zone stated in the request, then land; NO TB3 step. Iris              │
│  get_coordinates/search_target must NOT come before Iris takeoff.            │
│  - dispatch_only: a single TB3 navigate_to step with explicit numeric x, y   │
│  taken from the request; NO Iris step.                                       │
│  - abort: stand down: Iris land and/or TB3 stop, nothing else.               │
│                                                                              │
╰──────────────────────────────────────────────────────────────────────────────╯

[32mTool iris_list_skills executed with result: Iris skills: takeoff, search_target, get_coordinates, land. search_target takes x_min, x_max, y_min, y_max (optional altitude, default 5.0)....[0m
[32mTool tb3_list_skills executed with result: TB3 skills: navigate_to, stop. navigate_to takes {"target": "victim"} or explicit numeric x, y. Operational area: x in [-6.0, 10.0], y in [-6.0, 10.0]....[0m
[35m[Finalize] todos_count=0, todos_with_results=0[0m
╭─────────────────────────── ✅ Agent Final Answer ────────────────────────────╮
│                                                                              │
│  Agent: Task Router                                                          │
│                                                                              │
│  Final Answer:                                                               │
│  {"workflow_family":"search_and_dispatch","steps":[{"robot":"iris","skill":  │
│  "takeoff","args":{}},{"robot":"iris","skill":"search_target","args":{"x_mi  │
│  n":-5.5,"x_max":5.5,"y_min":-5.5,"y_max":5.5}},{"robot":"tb3","skill":"nav  │
│  igate_to","args":{"target":"victim"}}]}                                     │
│                                                                              │
╰──────────────────────────────────────────────────────────────────────────────╯

    refused=False steps=3 err=9.879572812922078 t=40.0s
[8/8] fault_missed_detection_1 (fault=missed_detection, baseline=rao-prompt) -- restarting sim...
╭────────────────────────────── 🤖 Agent Started ──────────────────────────────╮
│                                                                              │
│  Agent: Task Router                                                          │
│                                                                              │
│  Task: A human has given the following request:                              │
│                                                                              │
│    "A hiker is missing in the search zone x from -5.5 to 5.5, y from -5.5    │
│  to 5.5. Fly the drone over the zone and send the ground rover to the        │
│  victim once located."                                                       │
│                                                                              │
│  Analyse it and produce an ordered plan. For each step specify:              │
│    - which robot (Iris or TB3)                                               │
│    - the exact skill (use the iris_list_skills and tb3_list_skills           │
│  tools to check available options)                                           │
│    - any relevant parameters (search zone bounds, coordinates,     target    │
│  binding)                                                                    │
│                                                                              │
│  If the request cannot be fulfilled with the available skills, explain why.  │
│                                                                              │
│  Return ONLY JSON: {"workflow_family": one of                                │
│  ["search_and_dispatch","search_only","dispatch_only","abort"], "steps":     │
│  [{"robot":"iris"|"tb3","skill":str,"args":{}}]}.                            │
│                                                                              │
│  Example of the required JSON shape (placeholder names, do not copy them):   │
│  {"workflow_family": "search_and_dispatch", "steps": [{"robot": "iris",      │
│  "skill": "<iris_skill>", "args": {}}, {"robot": "tb3", "skill":             │
│  "<tb3_skill>", "args": {"<arg_name>": "<value>"}}]}                         │
│                                                                              │
│  Available Iris drone skills (use these EXACT names, do not invent others):  │
│  takeoff, search_target, get_coordinates, land. search_target takes args     │
│  x_min, x_max, y_min, y_max (and optional altitude, default 5.0).            │
│  TB3 rover skills: navigate_to, stop. navigate_to takes either {"target":    │
│  "victim"} to drive to the drone-published victim fix, or explicit numeric   │
│  "x" and "y" stated in the request.                                          │
│  Operational area (world frame): x in [-6.0, 10.0], y in [-6.0, 10.0].       │
│  Workflow contracts (choose exactly ONE family and follow its ordering):     │
│  - search_and_dispatch: Iris takeoff, then Iris search_target over the       │
│  exact zone stated in the request, then TB3 navigate_to with args            │
│  {"target": "victim"} once the fix is published (the rover goal must bind    │
│  to the fix, never literal coordinates). Iris get_coordinates/search_target  │
│  must NOT come before Iris takeoff. TB3 navigate_to must NOT come before     │
│  Iris get_coordinates/search_target.                                         │
│  - search_only: an Iris-only aerial survey: takeoff, search_target over the  │
│  exact zone stated in the request, then land; NO TB3 step. Iris              │
│  get_coordinates/search_target must NOT come before Iris takeoff.            │
│  - dispatch_only: a single TB3 navigate_to step with explicit numeric x, y   │
│  taken from the request; NO Iris step.                                       │
│  - abort: stand down: Iris land and/or TB3 stop, nothing else.               │
│                                                                              │
╰──────────────────────────────────────────────────────────────────────────────╯

[32mTool iris_list_skills executed with result: Iris skills: takeoff, search_target, get_coordinates, land. search_target takes x_min, x_max, y_min, y_max (optional altitude, default 5.0)....[0m
[32mTool tb3_list_skills executed with result: TB3 skills: navigate_to, stop. navigate_to takes {"target": "victim"} or explicit numeric x, y. Operational area: x in [-6.0, 10.0], y in [-6.0, 10.0]....[0m
[35m[Finalize] todos_count=0, todos_with_results=0[0m
╭─────────────────────────── ✅ Agent Final Answer ────────────────────────────╮
│                                                                              │
│  Agent: Task Router                                                          │
│                                                                              │
│  Final Answer:                                                               │
│  {"workflow_family":"search_and_dispatch","steps":[{"robot":"iris","skill":  │
│  "takeoff","args":{}},{"robot":"iris","skill":"search_target","args":{"x_mi  │
│  n":-5.5,"x_max":5.5,"y_min":-5.5,"y_max":5.5}},{"robot":"tb3","skill":"nav  │
│  igate_to","args":{"target":"victim"}}]}                                     │
│                                                                              │
╰──────────────────────────────────────────────────────────────────────────────╯

    refused=False steps=3 err=9.887962603410058 t=11.8s
wrote results_live_ctxprompt_faults_20260815.json (8 missions)
